// Jest Snapshot v1, https://goo.gl/fbAQLP

exports[`It should be able to skip and and emit object at given intervals 1`] = `
Array [
  1,
  3,
  5,
  7,
  9,
  11,
  13,
  15,
  17,
  19,
  21,
  23,
  25,
  27,
  29,
  31,
  33,
  35,
  37,
  39,
  41,
  43,
  45,
  47,
  49,
]
`;
